// Jest Snapshot v1, https://goo.gl/fbAQLP

exports[`models buildModels 1`] = `
Object {
  "PopBand": [Function],
}
`;
